[2m10:06:50 p.m.[22m [31m[1m[vite][22m[39m [31mInternal server error: C:\Users\jeffrey\Stinky CS major for a bit\website\src\App.jsx: Unexpected token (1:8)

[0m[31m[1m>[22m[31m[90m 1 |[31m [36mimport[31m [33m.[31m[33m/[31m[33mApp[31m[33m.[31mcss[33m;[31m
 [90m   |[31m         [31m[1m^[22m[31m
 [90m 2 |[31m
 [90m 3 |[31m [90m// CODEX_INSERT_APP[31m
 [90m 4 |[31m[0m[39m
  Plugin: [35mvite:react-babel[39m
  File: [36mC:/Users/jeffrey/Stinky CS major for a bit/website/src/App.jsx[39m:1:8
[33m  1  |  import ./App.css;
     |          ^
  2  |  
  3  |  // CODEX_INSERT_APP[39m
      at constructor (C:\Users\jeffrey\Stinky CS major for a bit\website\node_modules\@babel\parser\lib\index.js:365:19)
      at JSXParserMixin.raise (C:\Users\jeffrey\Stinky CS major for a bit\website\node_modules\@babel\parser\lib\index.js:6616:19)
      at JSXParserMixin.unexpected (C:\Users\jeffrey\Stinky CS major for a bit\website\node_modules\@babel\parser\lib\index.js:6636:16)
      at JSXParserMixin.parseIdentifierName (C:\Users\jeffrey\Stinky CS major for a bit\website\node_modules\@babel\parser\lib\index.js:12220:12)
      at JSXParserMixin.parseIdentifier (C:\Users\jeffrey\Stinky CS major for a bit\website\node_modules\@babel\parser\lib\index.js:12198:23)
      at JSXParserMixin.parseMetaProperty (C:\Users\jeffrey\Stinky CS major for a bit\website\node_modules\@babel\parser\lib\index.js:11589:26)
      at JSXParserMixin.parseImportMetaPropertyOrPhaseCall (C:\Users\jeffrey\Stinky CS major for a bit\website\node_modules\@babel\parser\lib\index.js:11614:19)
      at JSXParserMixin.parseExprAtom (C:\Users\jeffrey\Stinky CS major for a bit\website\node_modules\@babel\parser\lib\index.js:11307:23)
      at JSXParserMixin.parseExprAtom (C:\Users\jeffrey\Stinky CS major for a bit\website\node_modules\@babel\parser\lib\index.js:4776:20)
      at JSXParserMixin.parseExprSubscripts (C:\Users\jeffrey\Stinky CS major for a bit\website\node_modules\@babel\parser\lib\index.js:11098:23)
      at JSXParserMixin.parseUpdate (C:\Users\jeffrey\Stinky CS major for a bit\website\node_modules\@babel\parser\lib\index.js:11083:21)
      at JSXParserMixin.parseMaybeUnary (C:\Users\jeffrey\Stinky CS major for a bit\website\node_modules\@babel\parser\lib\index.js:11063:23)
      at JSXParserMixin.parseMaybeUnaryOrPrivate (C:\Users\jeffrey\Stinky CS major for a bit\website\node_modules\@babel\parser\lib\index.js:10916:61)
      at JSXParserMixin.parseExprOps (C:\Users\jeffrey\Stinky CS major for a bit\website\node_modules\@babel\parser\lib\index.js:10921:23)
      at JSXParserMixin.parseMaybeConditional (C:\Users\jeffrey\Stinky CS major for a bit\website\node_modules\@babel\parser\lib\index.js:10898:23)
      at JSXParserMixin.parseMaybeAssign (C:\Users\jeffrey\Stinky CS major for a bit\website\node_modules\@babel\parser\lib\index.js:10848:21)
      at JSXParserMixin.parseExpressionBase (C:\Users\jeffrey\Stinky CS major for a bit\website\node_modules\@babel\parser\lib\index.js:10801:23)
      at C:\Users\jeffrey\Stinky CS major for a bit\website\node_modules\@babel\parser\lib\index.js:10797:39
      at JSXParserMixin.allowInAnd (C:\Users\jeffrey\Stinky CS major for a bit\website\node_modules\@babel\parser\lib\index.js:12438:16)
      at JSXParserMixin.parseExpression (C:\Users\jeffrey\Stinky CS major for a bit\website\node_modules\@babel\parser\lib\index.js:10797:17)
      at JSXParserMixin.parseStatementContent (C:\Users\jeffrey\Stinky CS major for a bit\website\node_modules\@babel\parser\lib\index.js:12912:23)
      at JSXParserMixin.parseStatementLike (C:\Users\jeffrey\Stinky CS major for a bit\website\node_modules\@babel\parser\lib\index.js:12784:17)
      at JSXParserMixin.parseModuleItem (C:\Users\jeffrey\Stinky CS major for a bit\website\node_modules\@babel\parser\lib\index.js:12761:17)
      at JSXParserMixin.parseBlockOrModuleBlockBody (C:\Users\jeffrey\Stinky CS major for a bit\website\node_modules\@babel\parser\lib\index.js:13333:36)
      at JSXParserMixin.parseBlockBody (C:\Users\jeffrey\Stinky CS major for a bit\website\node_modules\@babel\parser\lib\index.js:13326:10)
      at JSXParserMixin.parseProgram (C:\Users\jeffrey\Stinky CS major for a bit\website\node_modules\@babel\parser\lib\index.js:12639:10)
      at JSXParserMixin.parseTopLevel (C:\Users\jeffrey\Stinky CS major for a bit\website\node_modules\@babel\parser\lib\index.js:12629:25)
      at JSXParserMixin.parse (C:\Users\jeffrey\Stinky CS major for a bit\website\node_modules\@babel\parser\lib\index.js:14505:25)
      at parse (C:\Users\jeffrey\Stinky CS major for a bit\website\node_modules\@babel\parser\lib\index.js:14539:38)
      at parser (C:\Users\jeffrey\Stinky CS major for a bit\website\node_modules\@babel\core\lib\parser\index.js:41:34)
      at parser.next (<anonymous>)
      at normalizeFile (C:\Users\jeffrey\Stinky CS major for a bit\website\node_modules\@babel\core\lib\transformation\normalize-file.js:51:37)
      at normalizeFile.next (<anonymous>)
      at run (C:\Users\jeffrey\Stinky CS major for a bit\website\node_modules\@babel\core\lib\transformation\index.js:22:50)
      at run.next (<anonymous>)
      at transform (C:\Users\jeffrey\Stinky CS major for a bit\website\node_modules\@babel\core\lib\transform.js:22:33)
      at transform.next (<anonymous>)
      at step (C:\Users\jeffrey\Stinky CS major for a bit\website\node_modules\gensync\index.js:261:32)
      at C:\Users\jeffrey\Stinky CS major for a bit\website\node_modules\gensync\index.js:273:13
      at async.call.result.err.err (C:\Users\jeffrey\Stinky CS major for a bit\website\node_modules\gensync\index.js:223:11)
      at C:\Users\jeffrey\Stinky CS major for a bit\website\node_modules\gensync\index.js:189:28
      at C:\Users\jeffrey\Stinky CS major for a bit\website\node_modules\@babel\core\lib\gensync-utils\async.js:67:7
      at C:\Users\jeffrey\Stinky CS major for a bit\website\node_modules\gensync\index.js:113:33
      at step (C:\Users\jeffrey\Stinky CS major for a bit\website\node_modules\gensync\index.js:287:14)
      at C:\Users\jeffrey\Stinky CS major for a bit\website\node_modules\gensync\index.js:273:13
      at async.call.result.err.err (C:\Users\jeffrey\Stinky CS major for a bit\website\node_modules\gensync\index.js:223:11)
[2m10:07:50 p.m.[22m [31m[1m[vite][22m[39m [31mInternal server error: C:\Users\jeffrey\Stinky CS major for a bit\website\src\App.jsx: Unexpected token (1:8)

[0m[31m[1m>[22m[31m[90m 1 |[31m [36mimport[31m [33m.[31m[33m/[31m[33mApp[31m[33m.[31mcss[33m;[31m
 [90m   |[31m         [31m[1m^[22m[31m
 [90m 2 |[31m
 [90m 3 |[31m [90m// CODEX_INSERT_APP_TEST[31m
 [90m 4 |[31m[0m[39m
  Plugin: [35mvite:react-babel[39m
  File: [36mC:/Users/jeffrey/Stinky CS major for a bit/website/src/App.jsx[39m:1:8
[33m  1  |  import ./App.css;
     |          ^
  2  |  
  3  |  // CODEX_INSERT_APP_TEST[39m
      at constructor (C:\Users\jeffrey\Stinky CS major for a bit\website\node_modules\@babel\parser\lib\index.js:365:19)
      at JSXParserMixin.raise (C:\Users\jeffrey\Stinky CS major for a bit\website\node_modules\@babel\parser\lib\index.js:6616:19)
      at JSXParserMixin.unexpected (C:\Users\jeffrey\Stinky CS major for a bit\website\node_modules\@babel\parser\lib\index.js:6636:16)
      at JSXParserMixin.parseIdentifierName (C:\Users\jeffrey\Stinky CS major for a bit\website\node_modules\@babel\parser\lib\index.js:12220:12)
      at JSXParserMixin.parseIdentifier (C:\Users\jeffrey\Stinky CS major for a bit\website\node_modules\@babel\parser\lib\index.js:12198:23)
      at JSXParserMixin.parseMetaProperty (C:\Users\jeffrey\Stinky CS major for a bit\website\node_modules\@babel\parser\lib\index.js:11589:26)
      at JSXParserMixin.parseImportMetaPropertyOrPhaseCall (C:\Users\jeffrey\Stinky CS major for a bit\website\node_modules\@babel\parser\lib\index.js:11614:19)
      at JSXParserMixin.parseExprAtom (C:\Users\jeffrey\Stinky CS major for a bit\website\node_modules\@babel\parser\lib\index.js:11307:23)
      at JSXParserMixin.parseExprAtom (C:\Users\jeffrey\Stinky CS major for a bit\website\node_modules\@babel\parser\lib\index.js:4776:20)
      at JSXParserMixin.parseExprSubscripts (C:\Users\jeffrey\Stinky CS major for a bit\website\node_modules\@babel\parser\lib\index.js:11098:23)
      at JSXParserMixin.parseUpdate (C:\Users\jeffrey\Stinky CS major for a bit\website\node_modules\@babel\parser\lib\index.js:11083:21)
      at JSXParserMixin.parseMaybeUnary (C:\Users\jeffrey\Stinky CS major for a bit\website\node_modules\@babel\parser\lib\index.js:11063:23)
      at JSXParserMixin.parseMaybeUnaryOrPrivate (C:\Users\jeffrey\Stinky CS major for a bit\website\node_modules\@babel\parser\lib\index.js:10916:61)
      at JSXParserMixin.parseExprOps (C:\Users\jeffrey\Stinky CS major for a bit\website\node_modules\@babel\parser\lib\index.js:10921:23)
      at JSXParserMixin.parseMaybeConditional (C:\Users\jeffrey\Stinky CS major for a bit\website\node_modules\@babel\parser\lib\index.js:10898:23)
      at JSXParserMixin.parseMaybeAssign (C:\Users\jeffrey\Stinky CS major for a bit\website\node_modules\@babel\parser\lib\index.js:10848:21)
      at JSXParserMixin.parseExpressionBase (C:\Users\jeffrey\Stinky CS major for a bit\website\node_modules\@babel\parser\lib\index.js:10801:23)
      at C:\Users\jeffrey\Stinky CS major for a bit\website\node_modules\@babel\parser\lib\index.js:10797:39
      at JSXParserMixin.allowInAnd (C:\Users\jeffrey\Stinky CS major for a bit\website\node_modules\@babel\parser\lib\index.js:12438:16)
      at JSXParserMixin.parseExpression (C:\Users\jeffrey\Stinky CS major for a bit\website\node_modules\@babel\parser\lib\index.js:10797:17)
      at JSXParserMixin.parseStatementContent (C:\Users\jeffrey\Stinky CS major for a bit\website\node_modules\@babel\parser\lib\index.js:12912:23)
      at JSXParserMixin.parseStatementLike (C:\Users\jeffrey\Stinky CS major for a bit\website\node_modules\@babel\parser\lib\index.js:12784:17)
      at JSXParserMixin.parseModuleItem (C:\Users\jeffrey\Stinky CS major for a bit\website\node_modules\@babel\parser\lib\index.js:12761:17)
      at JSXParserMixin.parseBlockOrModuleBlockBody (C:\Users\jeffrey\Stinky CS major for a bit\website\node_modules\@babel\parser\lib\index.js:13333:36)
      at JSXParserMixin.parseBlockBody (C:\Users\jeffrey\Stinky CS major for a bit\website\node_modules\@babel\parser\lib\index.js:13326:10)
      at JSXParserMixin.parseProgram (C:\Users\jeffrey\Stinky CS major for a bit\website\node_modules\@babel\parser\lib\index.js:12639:10)
      at JSXParserMixin.parseTopLevel (C:\Users\jeffrey\Stinky CS major for a bit\website\node_modules\@babel\parser\lib\index.js:12629:25)
      at JSXParserMixin.parse (C:\Users\jeffrey\Stinky CS major for a bit\website\node_modules\@babel\parser\lib\index.js:14505:25)
      at parse (C:\Users\jeffrey\Stinky CS major for a bit\website\node_modules\@babel\parser\lib\index.js:14539:38)
      at parser (C:\Users\jeffrey\Stinky CS major for a bit\website\node_modules\@babel\core\lib\parser\index.js:41:34)
      at parser.next (<anonymous>)
      at normalizeFile (C:\Users\jeffrey\Stinky CS major for a bit\website\node_modules\@babel\core\lib\transformation\normalize-file.js:51:37)
      at normalizeFile.next (<anonymous>)
      at run (C:\Users\jeffrey\Stinky CS major for a bit\website\node_modules\@babel\core\lib\transformation\index.js:22:50)
      at run.next (<anonymous>)
      at transform (C:\Users\jeffrey\Stinky CS major for a bit\website\node_modules\@babel\core\lib\transform.js:22:33)
      at transform.next (<anonymous>)
      at step (C:\Users\jeffrey\Stinky CS major for a bit\website\node_modules\gensync\index.js:261:32)
      at C:\Users\jeffrey\Stinky CS major for a bit\website\node_modules\gensync\index.js:273:13
      at async.call.result.err.err (C:\Users\jeffrey\Stinky CS major for a bit\website\node_modules\gensync\index.js:223:11)
      at C:\Users\jeffrey\Stinky CS major for a bit\website\node_modules\gensync\index.js:189:28
      at C:\Users\jeffrey\Stinky CS major for a bit\website\node_modules\@babel\core\lib\gensync-utils\async.js:67:7
      at C:\Users\jeffrey\Stinky CS major for a bit\website\node_modules\gensync\index.js:113:33
      at step (C:\Users\jeffrey\Stinky CS major for a bit\website\node_modules\gensync\index.js:287:14)
      at C:\Users\jeffrey\Stinky CS major for a bit\website\node_modules\gensync\index.js:273:13
      at async.call.result.err.err (C:\Users\jeffrey\Stinky CS major for a bit\website\node_modules\gensync\index.js:223:11)
